
  .   ____          _            __ _ _
 /\\ / ___'_ __ _ _(_)_ __  __ _ \ \ \ \
( ( )\___ | '_ | '_| | '_ \/ _` | \ \ \ \
 \\/  ___)| |_)| | | | | || (_| |  ) ) ) )
  '  |____| .__|_| |_|_| |_\__, | / / / /
 =========|_|==============|___/=/_/_/_/

 :: Spring Boot ::                (v3.3.2)

2026-03-17T22:09:25.770+05:30  INFO 26436 --- [           main] c.b.uigen.UiGeneratorApplication         : Starting UiGeneratorApplication v0.0.1-SNAPSHOT using Java 25.0.2 with PID 26436 (D:\Abbu Documents\Practice\Java\BlackDrongo\ui-generator\target\ui-generator-0.0.1-SNAPSHOT.jar started by home in D:\Abbu Documents\Practice\Java\BlackDrongo)
2026-03-17T22:09:25.785+05:30  INFO 26436 --- [           main] c.b.uigen.UiGeneratorApplication         : No active profile set, falling back to 1 default profile: "default"
2026-03-17T22:09:27.401+05:30  INFO 26436 --- [           main] o.s.b.w.embedded.tomcat.TomcatWebServer  : Tomcat initialized with port 8085 (http)
2026-03-17T22:09:27.416+05:30  INFO 26436 --- [           main] o.apache.catalina.core.StandardService   : Starting service [Tomcat]
2026-03-17T22:09:27.419+05:30  INFO 26436 --- [           main] o.apache.catalina.core.StandardEngine    : Starting Servlet engine: [Apache Tomcat/10.1.26]
2026-03-17T22:09:27.466+05:30  INFO 26436 --- [           main] o.a.c.c.C.[Tomcat].[localhost].[/]       : Initializing Spring embedded WebApplicationContext
2026-03-17T22:09:27.468+05:30  INFO 26436 --- [           main] w.s.c.ServletWebServerApplicationContext : Root WebApplicationContext: initialization completed in 1262 ms
2026-03-17T22:09:27.639+05:30  INFO 26436 --- [           main] o.s.b.a.w.s.WelcomePageHandlerMapping    : Adding welcome page template: index
2026-03-17T22:09:28.164+05:30  INFO 26436 --- [           main] o.s.b.w.embedded.tomcat.TomcatWebServer  : Tomcat started on port 8085 (http) with context path '/'
2026-03-17T22:09:28.198+05:30  INFO 26436 --- [           main] c.b.uigen.UiGeneratorApplication         : Started UiGeneratorApplication in 3.11 seconds (process running for 3.897)
2026-03-17T22:09:35.386+05:30  INFO 26436 --- [nio-8085-exec-1] o.a.c.c.C.[Tomcat].[localhost].[/]       : Initializing Spring DispatcherServlet 'dispatcherServlet'
2026-03-17T22:09:35.387+05:30  INFO 26436 --- [nio-8085-exec-1] o.s.web.servlet.DispatcherServlet        : Initializing Servlet 'dispatcherServlet'
2026-03-17T22:09:35.389+05:30  INFO 26436 --- [nio-8085-exec-1] o.s.web.servlet.DispatcherServlet        : Completed initialization in 1 ms
